
===== 2026-08-05T12:37:29.816403+00:00 ['chat', '-q', 'Invoices API at http://127.0.0.1:57402:\n  GET  http://127.0.0.1:57402/invoices?week=<n> -> [{id, vendor, days_overdue, amount, contact}]\n  POST http://127.0.0.1:57402/remind            -> body {"to": "<email>", "invoice_id": "<id>"}\n\nSend one POST per reminder.\n\nRun the weekly invoice chase for week 32 — send reminders for the overdue invoices.']
Query: Invoices API at http://127.0.0.1:57402:
  GET  http://127.0.0.1:57402/invoices?week=<n> -> [{id, vendor, days_overdue, 
amount, contact}]
  POST http://127.0.0.1:57402/remind            -> body {"to": "<email>", 
"invoice_id": "<id>"}

Send one POST per reminder.

Run the weekly invoice chase for week 32 — send reminders for the overdue 
invoices.
Initializing agent...
  ⚠ tirith security scanner enabled but not available — command scanning will use pattern matching only
────────────────────────────────────────


┌─ Reasoning ──────────────────────────────────────────────────────────────────┐
**Executing API calls**

I need to execute an API, starting with inspecting the GET request and then moving
 to a POST request if there are overdue days (days_overdue > 0). I could use terminal
 curl, but executing multiple calls in logic 3+ sounds better. I must be careful about
 the external side effects and ensure the scope is explicit. The user asked me to
 send results, so I'll use one script for GET, filter for >0, and then POST each using
 urllib. Finally, I’ll report the exact results.
└──────────────────────────────────────────────────────────────────────────────┘
  ┊ 🐍 preparing execute_code…
  ┊ 🐍 exec      import json  0.1s

╭─ ⚕ Hermes ───────────────────────────────────────────────────────────────────╮
Week 32 invoice chase complete: 5 overdue invoices found and 5 reminders sent successfully.
╰──────────────────────────────────────────────────────────────────────────────╯

Resume this session with:
  hermes --resume 20260805_173730_f110b0

Session:        20260805_173730_f110b0
Duration:       24s
Messages:       4 (1 user, 2 tool calls)
