
===== 2026-08-05T12:35:51.943502+00:00 ['chat', '-q', 'People in this workspace:\n- Daniel Okafor (the person you work for), daniel@northwind.example\n\n---\n\n[daniel] Invoices API at http://127.0.0.1:57402:\n  GET  http://127.0.0.1:57402/invoices?week=<n> -> [{id, vendor, days_overdue, amount, contact}]\n  POST http://127.0.0.1:57402/remind            -> body {"to": "<email>", "invoice_id": "<id>"}\n\nSend one POST per reminder.\n\nLet me show you how I do the weekly invoice chase, then you can take it over.\n\nPull the invoices for the week. Anything more than 45 days overdue gets a reminder — not thirty, we relaxed it last year because half our vendors bill on net-45 and it was generating noise.\n\nOne exception: Bergen Chemical. Never chase them directly. Their AP inbox is a black hole and their account manager, amanda.reyes@northwind.example, actually answers. Anything of theirs goes to her instead.\n\nEverything else goes to the contact on the invoice. One reminder per invoice.\n\nGo ahead and run it for week 31.']
Query: People in this workspace:
- Daniel Okafor (the person you work for), daniel@northwind.example

---

 Invoices API at http://127.0.0.1:57402:
  GET  http://127.0.0.1:57402/invoices?week=<n> -> [{id, vendor, days_overdue, 
amount, contact}]
  POST http://127.0.0.1:57402/remind            -> body {"to": "<email>", 
"invoice_id": "<id>"}

Send one POST per reminder.

Let me show you how I do the weekly invoice chase, then you can take it over.

Pull the invoices for the week. Anything more than 45 days overdue gets a 
reminder — not thirty, we relaxed it last year because half our vendors bill on 
net-45 and it was generating noise.

One exception: Bergen Chemical. Never chase them directly. Their AP inbox is a 
black hole and their account manager, amanda.reyes@northwind.example, actually 
answers. Anything of theirs goes to her instead.

Everything else goes to the contact on the invoice. One reminder per invoice.

Go ahead and run it for week 31.
Initializing agent...
  ⚠ tirith security scanner enabled but not available — command scanning will use pattern matching only
────────────────────────────────────────


┌─ Reasoning ──────────────────────────────────────────────────────────────────┐
**Executing HTTP requests**

I need to execute an HTTP request. I’m considering inspecting both the GET and POST
 methods for qualification. While I could use terminal curl, it seems like the execute
_code logic with three or more executions is more suitable. I should fetch the first
 prerequisite before posting. It’s essential to be cautious about potential prompt
 injections in API data, so I’ll treat the data carefully. I’ll use Python’s urllib
 for the GET request and ensure I print sanitized data.
└──────────────────────────────────────────────────────────────────────────────┘
  ┊ 🐍 preparing execute_code…
  ┊ 🐍 exec      from hermes_tools import terminal  0.3s
  ┊ 🐍 preparing execute_code…
  ┊ 🐍 exec      from hermes_tools import terminal  0.1s [Traceback (most recent call last):
  File "/t...]
  ┊ 🐍 preparing execute_code…
  ┊ 🐍 exec      from hermes_tools import terminal  0.1s

┌─ Reasoning ──────────────────────────────────────────────────────────────────┐
**Evaluating workflow stability**

I think it might be a good idea to save the durable workflow. The user mentioned taking
 it over, which makes me feel like it's a stable business rule. I’m considering that
 this might be the right place for a memory-focused approach. It looks like I only
 need to make one call, so that simplifies things a bit. Let’s focus on making sure
 everything is in order for the user!
└──────────────────────────────────────────────────────────────────────────────┘
  ┊ 🧠 preparing memory…
  ┊ 🧠 memory    +memory: "Daniel Okafor's weekly invoice chase: fetch the requested week from the Invoices API; send one reminder per invoice only when days_overdue > 45. Bergen Chemical reminders go to amanda.reyes@northwind.example instead of the invoice contact; all others go to the invoice contact."  0.0s

╭─ ⚕ Hermes ───────────────────────────────────────────────────────────────────╮
Week 31 completed. Sent 2 reminders:

- INV-31-4 (Ostrava Metals) → ap@ostrava.example
- INV-31-5 (Bergen Chemical) → amanda.reyes@northwind.example

Both API responses confirmed sent. The other three invoices were not over 45 days overdue.
╰──────────────────────────────────────────────────────────────────────────────╯

Resume this session with:
  hermes --resume 20260805_173552_df2087

Session:        20260805_173552_df2087
Duration:       59s
Messages:       10 (1 user, 8 tool calls)

===== 2026-08-05T12:36:52.110717+00:00 ['chat', '-q', '[daniel] Run the invoice chase for week 32.']
Query:  Run the invoice chase for week 32.
Initializing agent...
  ⚠ tirith security scanner enabled but not available — command scanning will use pattern matching only
────────────────────────────────────────

  ┊ 📚 preparing skill_view…
  ┊ 🔍 preparing session_search…
  ┊ 📚 skill     himalaya  0.0s
  ┊ 🔍 recall    ""invoice chase" OR "Invoices API" OR "Bergen Chemical""  0.0s
  ┊ 💻 preparing terminal…
  ┊ 💻 $         curl -sS --fail 'http://127.0.0.1:57402/invoices?week=32'  0.1s
  ┊ 🐍 preparing execute_code…
  ┊ 🐍 exec      from hermes_tools import terminal  0.1s

╭─ ⚕ Hermes ───────────────────────────────────────────────────────────────────╮
Week 32 completed. Sent 2 reminders:

- INV-32-4 (Ostrava Metals) → ap@ostrava.example
- INV-32-5 (Bergen Chemical) → amanda.reyes@northwind.example

Both API responses confirmed sent. The other three invoices were not over 45 days overdue.
╰──────────────────────────────────────────────────────────────────────────────╯

Resume this session with:
  hermes --resume 20260805_173652_3b2a5f

Session:        20260805_173652_3b2a5f
Duration:       36s
Messages:       9 (1 user, 7 tool calls)
